-
    name: dummy
    type: cron
    cron_expression: '* * * * *'
    grace_time_in_minutes: 5
    server_timezone: UTC
    description: ''
    uuid: test-uuid-9
    ping_url: 'https://ping.ohdear.app/test-uuid-9'
-
    name: execute
    type: cron
    cron_expression: '*/15 * * * *'
    grace_time_in_minutes: 5
    server_timezone: UTC
    description: ''
    uuid: test-uuid-10
    ping_url: 'https://ping.ohdear.app/test-uuid-10'
-
    name: my-closure
    type: cron
    cron_expression: '0 * * * *'
    grace_time_in_minutes: 5
    server_timezone: UTC
    description: ''
    uuid: test-uuid-11
    ping_url: 'https://ping.ohdear.app/test-uuid-11'
-
    name: Spatie\ScheduleMonitor\Tests\TestClasses\TestJob
    type: cron
    cron_expression: '0 0 * * *'
    grace_time_in_minutes: 5
    server_timezone: Asia/Kolkata
    description: ''
    uuid: test-uuid-12
    ping_url: 'https://ping.ohdear.app/test-uuid-12'
